{
  "boundary_notes": {
    "empty_complement_connected_convention": true,
    "figure_not_used": true,
    "weight_quantifier_checked": false
  },
  "degrees": {
    "0": 6,
    "1": 6,
    "2": 6,
    "3": 6,
    "4": 3,
    "5": 3,
    "6": 3,
    "7": 3
  },
  "edge_count": 18,
  "edges": [
    [
      0,
      1
    ],
    [
      0,
      2
    ],
    [
      0,
      3
    ],
    [
      0,
      4
    ],
    [
      0,
      5
    ],
    [
      0,
      6
    ],
    [
      1,
      2
    ],
    [
      1,
      3
    ],
    [
      1,
      4
    ],
    [
      1,
      5
    ],
    [
      1,
      7
    ],
    [
      2,
      3
    ],
    [
      2,
      4
    ],
    [
      2,
      6
    ],
    [
      2,
      7
    ],
    [
      3,
      5
    ],
    [
      3,
      6
    ],
    [
      3,
      7
    ]
  ],
  "expected_peripheral_sets_match": true,
  "method": "Independent exhaustive Python standard-library enumeration; explanatory finite check only, not a proof of the universal weighted theorem.",
  "peripheral_count": 12,
  "peripheral_vertex_sets": [
    [
      0,
      1,
      4
    ],
    [
      0,
      1,
      5
    ],
    [
      0,
      2,
      4
    ],
    [
      0,
      2,
      6
    ],
    [
      0,
      3,
      5
    ],
    [
      0,
      3,
      6
    ],
    [
      1,
      2,
      4
    ],
    [
      1,
      2,
      7
    ],
    [
      1,
      3,
      5
    ],
    [
      1,
      3,
      7
    ],
    [
      2,
      3,
      6
    ],
    [
      2,
      3,
      7
    ]
  ],
  "schema": "opg500.graph-audit.v1",
  "simple_cycle_count": 239,
  "three_connected_by_deleting_0_1_2_vertices": true,
  "vertices": [
    0,
    1,
    2,
    3,
    4,
    5,
    6,
    7
  ]
}
	Command being timed: "timeout 60s ./graph-audit.py"
	User time (seconds): 0.03
	System time (seconds): 0.00
	Percent of CPU this job got: 110%
	Elapsed (wall clock) time (h:mm:ss or m:ss): 0:00.02
	Average shared text size (kbytes): 0
	Average unshared data size (kbytes): 0
	Average stack size (kbytes): 0
	Average total size (kbytes): 0
	Maximum resident set size (kbytes): 12480
	Average resident set size (kbytes): 0
	Major (requiring I/O) page faults: 0
	Minor (reclaiming a frame) page faults: 1924
	Voluntary context switches: 3
	Involuntary context switches: 1
	Swaps: 0
	File system inputs: 0
	File system outputs: 16
	Socket messages sent: 0
	Socket messages received: 0
	Signals delivered: 0
	Page size (bytes): 4096
	Exit status: 0
